{
  "user_name": "fchimpan",
  "passward": "test"
}
