{
  "user_name": "fchimpan",
  "password": "test"
}
